/home/woody/iwi5/iwi5357h/software/private/conda/envs/gdinoa100/lib/python3.10/site-packages/timm/models/layers/__init__.py:48: FutureWarning: Importing from timm.models.layers is deprecated, please import via timm.layers
  warnings.warn(f"Importing from {__name__} is deprecated, please import via timm.layers", FutureWarning)
/home/hpc/iwi5/iwi5357h/Grounding-Dino-FineTuning/groundingdino/util/inference.py:121: FutureWarning: Decorating classes is deprecated and will be disabled in future versions. You should only decorate functions or methods. To preserve the current behavior of class decoration, you can directly decorate the `__init__` method and nothing else.
  class GroundingDINOVisualizer:
/home/woody/iwi5/iwi5357h/software/private/conda/envs/gdinoa100/lib/python3.10/site-packages/torch/functional.py:505: UserWarning: torch.meshgrid: in an upcoming release, it will be required to pass the indexing argument. (Triggered internally at /pytorch/aten/src/ATen/native/TensorShape.cpp:4317.)
  return _VF.meshgrid(tensors, **kwargs)  # type: ignore[attr-defined]
final text_encoder_type: /home/hpc/iwi5/iwi5357h/Grounding-Dino-FineTuning/bert-base-uncased
[BERT] Loaded vocab size: 30522
Adding Lora to Model!
Converting model to LoRA...
LoRA parameters: 18,023,428 / 190,863,110 = 9.44%
Renaming LoRA checkpoint keys to match model structure
Checking if all lora checkpoint keys exist in the model.
All lora checkpoint keys exist in the model state dict!!
Merging LoRA weights with base model
/home/woody/iwi5/iwi5357h/software/private/conda/envs/gdinoa100/lib/python3.10/site-packages/transformers/modeling_utils.py:1621: FutureWarning: The `device` argument is deprecated and will be removed in v5 of Transformers.
  warnings.warn(
/home/woody/iwi5/iwi5357h/software/private/conda/envs/gdinoa100/lib/python3.10/site-packages/torch/_dynamo/eval_frame.py:1044: UserWarning: torch.utils.checkpoint: the use_reentrant parameter should be passed explicitly. Starting in PyTorch 2.9, calling checkpoint without use_reentrant will raise an exception. use_reentrant=False is recommended, but if you need to preserve the current default behavior, you can pass use_reentrant=True. Refer to docs for more details on the differences between the two variants.
  return fn(*args, **kwargs)
/home/woody/iwi5/iwi5357h/software/private/conda/envs/gdinoa100/lib/python3.10/site-packages/torch/utils/checkpoint.py:85: UserWarning: None of the inputs have requires_grad=True. Gradients will be None
  warnings.warn(
/home/hpc/iwi5/iwi5357h/Grounding-Dino-FineTuning/groundingdino/models/GroundingDINO/transformer.py:862: FutureWarning: `torch.cuda.amp.autocast(args...)` is deprecated. Please use `torch.amp.autocast('cuda', args...)` instead.
  with torch.cuda.amp.autocast(enabled=False):
No boxes found for the image above given thresholds!
No boxes found for the image above given thresholds!
No boxes found for the image above given thresholds!
No boxes found for the image above given thresholds!
